// Jest Snapshot v1, https://goo.gl/fbAQLP

exports[`renders with more than one versions 1`] = `
<div>
  <div
    class="lg:cell-10 md:cell-9 cell-12"
  >
    <div
      class="bg-lightGrey p-8 flex justify-between"
    >
      <p
        class="FileInfo--Title"
      >
        Versions
        <span
          class="font-light ml-4"
        >
          (
          3
          )
        </span>
      </p>
      <label
        class="FileVersionList--Button"
      >
        UPLOAD VERSION
        <input
          class="hidden"
          type="file"
        />
      </label>
    </div>
    <ul
      class="FileVersionList"
    >
      <li
        class="FileVersionList--Element"
      >
        <button
          class="FileVersionElement--button w-24"
        >
          Latest
        </button>
        <span
          class="FileVersionElement--button FileVersionList--hidden w-12"
        >
          <button>
            <svg
              height="10"
              id="mock-icon"
              kind="copy"
              width="10"
            >
              <title>
                icon-
                copy
              </title>
            </svg>
          </button>
        </span>
        <div
          class="Avatar inline-block mr-8 hidden"
          style="height: 20px; width: 20px;"
        >
          <img
            alt="null avatar"
            class="Avatar-img"
            src="https://www.w3schools.com/css/img_avatar.png"
          />
        </div>
        <time
          class="FileVersionList--text w-32"
          datetime="2018-09-27T05:32:26.000Z"
          title="2018-09-27T05:32:26+00:00"
        >
          7 months ago
        </time>
        <p
          class="FileVersionList--text w-16 hidden"
        >
          .jpeg
        </p>
        <p
          class="FileVersionList--text w-24"
        >
          5.5 kB
        </p>
        <div
          class="FileInfo--Icon"
        />
        <p
          class="FileVersionList--text w-48"
        >
          Clinical/Phenotype Data
        </p>
        <button>
          <svg
            class="FileVersionList--hidden w-12"
            height="12"
            id="mock-icon"
            kind="download"
            width="12"
          >
            <title>
              icon-
              download
            </title>
          </svg>
        </button>
      </li>
      <li
        class="FileVersionList--Element"
      >
        <button
          class="FileVersionElement--button w-24"
        >
          FV_TT8NF09R
        </button>
        <span
          class="FileVersionElement--button FileVersionList--hidden w-12"
        >
          <button>
            <svg
              height="10"
              id="mock-icon"
              kind="copy"
              width="10"
            >
              <title>
                icon-
                copy
              </title>
            </svg>
          </button>
        </span>
        <div
          class="Avatar inline-block mr-8 hidden"
          style="height: 20px; width: 20px;"
        >
          <img
            alt="null avatar"
            class="Avatar-img"
            src="https://www.w3schools.com/css/img_avatar.png"
          />
        </div>
        <time
          class="FileVersionList--text w-32"
          datetime="2018-08-21T03:16:11.000Z"
          title="2018-08-21T03:16:11+00:00"
        >
          8 months ago
        </time>
        <p
          class="FileVersionList--text w-16 hidden"
        >
          .jpeg
        </p>
        <p
          class="FileVersionList--text w-24"
        >
          9.9 kB
        </p>
        <div
          class="FileInfo--Icon"
        />
        <p
          class="FileVersionList--text w-48"
        >
          Clinical/Phenotype Data
        </p>
        <button>
          <svg
            class="FileVersionList--hidden w-12"
            height="12"
            id="mock-icon"
            kind="download"
            width="12"
          >
            <title>
              icon-
              download
            </title>
          </svg>
        </button>
      </li>
      <li
        class="FileVersionList--Element"
      >
        <button
          class="FileVersionElement--button w-24"
        >
          FV_2WV3VNJN
        </button>
        <span
          class="FileVersionElement--button FileVersionList--hidden w-12"
        >
          <button>
            <svg
              height="10"
              id="mock-icon"
              kind="copy"
              width="10"
            >
              <title>
                icon-
                copy
              </title>
            </svg>
          </button>
        </span>
        <div
          class="Avatar inline-block mr-8 hidden"
          style="height: 20px; width: 20px;"
        >
          <img
            alt="null avatar"
            class="Avatar-img"
            src="https://www.w3schools.com/css/img_avatar.png"
          />
        </div>
        <time
          class="FileVersionList--text w-32"
          datetime="2017-08-25T00:05:30.000Z"
          title="2017-08-25T00:05:30+00:00"
        >
          2 years ago
        </time>
        <p
          class="FileVersionList--text w-16 hidden"
        >
          .jpeg
        </p>
        <p
          class="FileVersionList--text w-24"
        >
          5.4 kB
        </p>
        <div
          class="FileInfo--Icon"
        />
        <p
          class="FileVersionList--text w-48"
        >
          Clinical/Phenotype Data
        </p>
        <button>
          <svg
            class="FileVersionList--hidden w-12"
            height="12"
            id="mock-icon"
            kind="download"
            width="12"
          >
            <title>
              icon-
              download
            </title>
          </svg>
        </button>
      </li>
    </ul>
  </div>
</div>
`;
