// Jest Snapshot v1, https://goo.gl/fbAQLP

exports[`Event list renders correctly -- with mock data 1`] = `
<div>
  <div
    class="ui very relaxed list"
    role="list"
  >
    <div
      class="item"
      data-testid="event-item"
      role="listitem"
    >
      <i
        aria-hidden="true"
        class="green add icon"
      />
      <div
        class="content"
      >
        <div
          class="right floated content"
        >
          <time
            datetime="2019-08-26T18:25:02.985Z"
            title="26 Aug 2019"
          >
            4 months from now
          </time>
        </div>
        devadmin created version 
        FV_9AF7CC3Z
         of file 
        SF_5ZPEM167
        
      </div>
    </div>
    <div
      class="item"
      data-testid="event-item"
      role="listitem"
    >
      <i
        aria-hidden="true"
        class="yellow refresh icon"
      />
      <div
        class="content"
      >
        <div
          class="right floated content"
        >
          <time
            datetime="2019-08-26T18:24:46.341Z"
            title="26 Aug 2019"
          >
            4 months from now
          </time>
        </div>
        devadmin updated version 
        FV_4FCEYZ3T
         of file 
        SF_5ZPEM167
        
      </div>
    </div>
    <div
      class="item"
      data-testid="event-item"
      role="listitem"
    >
      <i
        aria-hidden="true"
        class="green add icon"
      />
      <div
        class="content"
      >
        <div
          class="right floated content"
        >
          <time
            datetime="2019-08-26T18:24:36.763Z"
            title="26 Aug 2019"
          >
            4 months from now
          </time>
        </div>
        devadmin created version 
        FV_ABCPEQRK
         of file 
        SF_Y07IN1HO
        
      </div>
    </div>
    <div
      class="item"
      data-testid="event-item"
      role="listitem"
    >
      <i
        aria-hidden="true"
        class="green add icon"
      />
      <div
        class="content"
      >
        <div
          class="right floated content"
        >
          <time
            datetime="2019-08-26T18:24:19.986Z"
            title="26 Aug 2019"
          >
            4 months from now
          </time>
        </div>
        devadmin created version 
        FV_BHXN2F7A
         of file 
        SF_Y07IN1HO
        
      </div>
    </div>
    <div
      class="item"
      data-testid="event-item"
      role="listitem"
    >
      <i
        aria-hidden="true"
        class="yellow refresh icon"
      />
      <div
        class="content"
      >
        <div
          class="right floated content"
        >
          <time
            datetime="2019-08-26T18:24:03.184Z"
            title="26 Aug 2019"
          >
            4 months from now
          </time>
        </div>
        devadmin updated version 
        FV_Z0NZQZNX
         of file 
        SF_Y07IN1HO
        
      </div>
    </div>
    <div
      class="item"
      data-testid="event-item"
      role="listitem"
    >
      <i
        aria-hidden="true"
        class="yellow refresh icon"
      />
      <div
        class="content"
      >
        <div
          class="right floated content"
        >
          <time
            datetime="2019-08-26T18:24:03.182Z"
            title="26 Aug 2019"
          >
            4 months from now
          </time>
        </div>
        devadmin updated file 
        SF_5ZPEM167
        
      </div>
    </div>
    <div
      class="item"
      data-testid="event-item"
      role="listitem"
    >
      <i
        aria-hidden="true"
        class="green add icon"
      />
      <div
        class="content"
      >
        <div
          class="right floated content"
        >
          <time
            datetime="2019-08-26T18:23:53.703Z"
            title="26 Aug 2019"
          >
            4 months from now
          </time>
        </div>
        devadmin created version 
        FV_4FCEYZ3T
         of file 
        SF_Y07IN1HO
        
      </div>
    </div>
    <div
      class="item"
      data-testid="event-item"
      role="listitem"
    >
      <i
        aria-hidden="true"
        class="green add icon"
      />
      <div
        class="content"
      >
        <div
          class="right floated content"
        >
          <time
            datetime="2019-08-26T18:23:53.695Z"
            title="26 Aug 2019"
          >
            4 months from now
          </time>
        </div>
        devadmin created file 
        SF_Y07IN1HO
        
      </div>
    </div>
  </div>
</div>
`;

exports[`Event list renders correctly -- with no data 1`] = `
<div>
  <div
    class="ui very relaxed list"
    role="list"
  />
</div>
`;
