// Jest Snapshot v1, https://goo.gl/fbAQLP

exports[`renders correctly 1`] = `
<div>
  <div
    class="ui relaxed list"
    role="list"
  >
    <div
      class="item"
      role="listitem"
    >
      <img
        alt="unknown"
        class="ui avatar image"
        src="test-file-stub"
      />
      <div
        class="content"
      >
        <div
          class="header"
        >
          my token
        </div>
        <time
          datetime="2019-06-13T12:05:39.381Z"
          title="2019-06-13T12:05:39.381525+00:00"
        >
          2 months from now
        </time>
      </div>
      <div
        class="right floated content"
      >
        <div
          class="ui action input"
        >
          <input
            readonly=""
            type="text"
            value="blah************"
          />
          <button
            class="ui icon button"
          >
            <i
              aria-hidden="true"
              class="copy icon"
            />
          </button>
          <button
            class="ui icon negative button"
          >
            <i
              aria-hidden="true"
              class="trash icon"
            />
          </button>
        </div>
      </div>
    </div>
  </div>
</div>
`;
