// Jest Snapshot v1, https://goo.gl/fbAQLP

exports[`Study basic info edit study modal renders correctly 1`] = `
<div>
  <div
    class="ui vertically padded grid"
  >
    <div
      class="stretched row"
    >
      <div
        class="eight wide computer sixteen wide mobile sixteen wide tablet column"
      >
        <div
          class="ui segments"
        >
          <div
            class="ui padded segment"
          >
            <h3
              class="ui header"
            >
              Study Info
              <button
                class="ui mini primary right floated button"
              >
                EDIT
              </button>
            </h3>
            <div
              class="ui large relaxed list"
              role="list"
            >
              <div
                class="item"
                role="listitem"
              >
                <div
                  class="description"
                >
                  External ID
                </div>
                <div
                  class="header"
                >
                  test_study_external_id
                </div>
              </div>
              <div
                class="item"
                role="listitem"
              >
                <div
                  class="description"
                >
                  Name
                </div>
                <div
                  class="header"
                >
                  benchmark extensible e-business
                </div>
              </div>
              <div
                class="item"
                role="listitem"
              >
                <div
                  class="description"
                >
                  Short Name
                </div>
                <div
                  class="header"
                >
                  Unknown
                </div>
              </div>
              <div
                class="item"
                role="listitem"
              >
                <div
                  class="description"
                >
                  Created At
                </div>
                <div
                  class="header"
                >
                  <time
                    datetime="2019-04-20T15:22:18.780Z"
                    title="20 Apr 2019"
                  >
                    3 days ago
                  </time>
                </div>
              </div>
              <div
                class="item"
                role="listitem"
              >
                <div
                  class="description"
                >
                  Modified At
                </div>
                <div
                  class="header"
                >
                  <time
                    datetime="2019-04-25T15:22:18.780Z"
                    title="25 Apr 2019"
                  >
                    2 days from now
                  </time>
                </div>
              </div>
              <div
                class="item"
                role="listitem"
              >
                <div
                  class="description"
                >
                  S3 Bucket Name
                </div>
                <div
                  class="header"
                >
                  stay-wrong-ready
                </div>
              </div>
              <div
                class="item"
                role="listitem"
              >
                <div
                  class="description"
                >
                  Release Status
                </div>
                <div
                  class="header"
                >
                  Unknown
                </div>
              </div>
              <div
                class="item"
                role="listitem"
              >
                <div
                  class="description"
                >
                  ReleaseDate
                </div>
                <div
                  class="header"
                >
                  2019-08-24
                </div>
              </div>
              <div
                class="item"
                role="listitem"
              >
                <div
                  class="description"
                >
                  The expected number of samples for the study
                </div>
                <div
                  class="header"
                >
                  100
                </div>
              </div>
              <div
                class="item"
                role="listitem"
              >
                <div
                  class="description"
                >
                  The organization that the grant was awarded to
                </div>
                <div
                  class="header"
                >
                  CHOP
                </div>
              </div>
              <div
                class="item"
                role="listitem"
              >
                <div
                  class="description"
                >
                  Link to Attribution
                </div>
                <div
                  class="header"
                >
                  Unknown
                </div>
              </div>
              <div
                class="item"
                role="listitem"
              >
                <div
                  class="description"
                >
                  Access Authority
                </div>
                <div
                  class="header"
                >
                  dbGaP
                </div>
              </div>
              <div
                class="item"
                role="listitem"
              >
                <div
                  class="description"
                >
                  Access Authority Version
                </div>
                <div
                  class="header"
                >
                  Unknown
                </div>
              </div>
            </div>
          </div>
          <div
            class="ui padded segment"
          >
            <h3
              class="ui header"
            >
              Study Files
            </h3>
            <div
              class="ui horizontal list"
              role="list"
            >
              <div
                class="item"
                role="listitem"
              >
                <i
                  aria-hidden="true"
                  class="file icon"
                />
                2
                 files
              </div>
              <div
                class="item"
                role="listitem"
              >
                <div
                  class="ui orange mini circular empty label"
                />
                 
                2
              </div>
            </div>
            <div
              class="ui label ui mini basic icon right floated button"
              role="button"
            >
              <i
                aria-hidden="true"
                class="chevron down icon"
              />
            </div>
          </div>
        </div>
      </div>
      <div
        class="eight wide computer sixteen wide mobile sixteen wide tablet column"
      >
        <div>
          <div
            class="ui attached padded segment max-h-500"
          >
            <h3
              class="ui header"
            >
              Description
            </h3>
            <p>
              Sudy description in markdown, commonly the X01 abstract text. --  As test study description
            </p>
          </div>
          <div
            class="ui bottom attached button"
            role="button"
            tabindex="0"
          >
            Read More
          </div>
        </div>
      </div>
    </div>
    <div
      class="stretched row"
    >
      <div
        class="sixteen wide computer sixteen wide mobile sixteen wide tablet column"
      >
        <div
          class="ui padded segment"
        >
          <h3
            class="ui header pb-10"
          >
            Cavatica Projects
            <button
              class="ui mini primary right floated button"
            >
              <i
                aria-hidden="true"
                class="linkify icon"
              />
              LINK PROJECT
            </button>
            <button
              class="ui mini basic primary right floated button"
            >
              <i
                aria-hidden="true"
                class="add icon"
              />
              NEW PROJECT
            </button>
          </h3>
          <div
            class="ui divided relaxed list"
            role="list"
          >
            <div
              class="item"
              role="listitem"
            >
              <div
                class="right floated content"
              />
              <i
                aria-hidden="true"
                class="paper plane outline icon"
              />
              <div
                class="content"
              >
                <a
                  class="header"
                  href="https://cavatica.sbgenomics.com/u/zhux3/sd-8wx8qq06"
                  target="_blank"
                >
                  test study name 
                  <i
                    aria-hidden="true"
                    class="external small link icon"
                  />
                </a>
                <div
                  class="ui bulleted horizontal list"
                  role="list"
                >
                  <div
                    class="item"
                    role="listitem"
                  >
                    Created
                     by zhux3 
                    <time
                      datetime="2019-08-26T18:22:41.000Z"
                      title="26 Aug 2019"
                    >
                      4 months from now
                    </time>
                  </div>
                  <div
                    class="item"
                    role="listitem"
                  >
                    <code>
                      zhux3/sd-8wx8qq06
                    </code>
                  </div>
                </div>
              </div>
            </div>
            <div
              class="item"
              role="listitem"
            >
              <div
                class="right floated content"
              />
              <i
                aria-hidden="true"
                class="sliders horizontal icon"
              />
              <div
                class="content"
              >
                <a
                  class="header"
                  href="https://cavatica.sbgenomics.com/u/zhux3/sd-8wx8qq06-bwa-mem"
                  target="_blank"
                >
                  test study name bwa-mem 
                  <i
                    aria-hidden="true"
                    class="external small link icon"
                  />
                </a>
                <div
                  class="ui bulleted horizontal list"
                  role="list"
                >
                  <div
                    class="item"
                    role="listitem"
                  >
                    Created
                     by zhux3 
                    <time
                      datetime="2019-08-26T18:22:42.000Z"
                      title="26 Aug 2019"
                    >
                      4 months from now
                    </time>
                  </div>
                  <div
                    class="item"
                    role="listitem"
                  >
                    bwa_mem
                  </div>
                  <div
                    class="item"
                    role="listitem"
                  >
                    <code>
                      zhux3/sd-8wx8qq06-bwa-mem
                    </code>
                  </div>
                </div>
              </div>
            </div>
            <div
              class="item"
              role="listitem"
            >
              <div
                class="right floated content"
              />
              <i
                aria-hidden="true"
                class="sliders horizontal icon"
              />
              <div
                class="content"
              >
                <a
                  class="header"
                  href="https://cavatica.sbgenomics.com/u/zhux3/sd-8wx8qq06-gatk-haplotypecaller"
                  target="_blank"
                >
                  test study name gatk-haplotypecaller 
                  <i
                    aria-hidden="true"
                    class="external small link icon"
                  />
                </a>
                <div
                  class="ui bulleted horizontal list"
                  role="list"
                >
                  <div
                    class="item"
                    role="listitem"
                  >
                    Created
                     by zhux3 
                    <time
                      datetime="2019-08-26T18:22:43.000Z"
                      title="26 Aug 2019"
                    >
                      4 months from now
                    </time>
                  </div>
                  <div
                    class="item"
                    role="listitem"
                  >
                    gatk_haplotypecaller
                  </div>
                  <div
                    class="item"
                    role="listitem"
                  >
                    <code>
                      zhux3/sd-8wx8qq06-gatk-haplotypecaller
                    </code>
                  </div>
                </div>
              </div>
            </div>
          </div>
        </div>
      </div>
    </div>
    <div
      class="row"
    >
      <div
        class="sixteen wide computer sixteen wide mobile sixteen wide tablet column"
      >
        <div
          class="ui padded segment"
        >
          <h3
            class="ui header"
          >
            Event Logs
          </h3>
          <div
            class="ui very relaxed list"
            role="list"
          >
            <div
              class="item"
              role="listitem"
            >
              <i
                aria-hidden="true"
                class="green add icon"
              />
              <div
                class="content"
              >
                <div
                  class="right floated content"
                >
                  <time
                    datetime="2019-08-26T18:25:02.985Z"
                    title="26 Aug 2019"
                  >
                    4 months from now
                  </time>
                </div>
                devadmin created version FV_9AF7CC3Z of file SF_5ZPEM167
              </div>
            </div>
            <div
              class="item"
              role="listitem"
            >
              <i
                aria-hidden="true"
                class="yellow refresh icon"
              />
              <div
                class="content"
              >
                <div
                  class="right floated content"
                >
                  <time
                    datetime="2019-08-26T18:24:46.341Z"
                    title="26 Aug 2019"
                  >
                    4 months from now
                  </time>
                </div>
                devadmin updated version FV_4FCEYZ3T of file SF_5ZPEM167
              </div>
            </div>
            <div
              class="item"
              role="listitem"
            >
              <i
                aria-hidden="true"
                class="green add icon"
              />
              <div
                class="content"
              >
                <div
                  class="right floated content"
                >
                  <time
                    datetime="2019-08-26T18:24:36.763Z"
                    title="26 Aug 2019"
                  >
                    4 months from now
                  </time>
                </div>
                devadmin created version FV_ABCPEQRK of file SF_Y07IN1HO
              </div>
            </div>
            <div
              class="item"
              role="listitem"
            >
              <i
                aria-hidden="true"
                class="green add icon"
              />
              <div
                class="content"
              >
                <div
                  class="right floated content"
                >
                  <time
                    datetime="2019-08-26T18:24:19.986Z"
                    title="26 Aug 2019"
                  >
                    4 months from now
                  </time>
                </div>
                devadmin created version FV_BHXN2F7A of file SF_Y07IN1HO
              </div>
            </div>
            <div
              class="item"
              role="listitem"
            >
              <i
                aria-hidden="true"
                class="yellow refresh icon"
              />
              <div
                class="content"
              >
                <div
                  class="right floated content"
                >
                  <time
                    datetime="2019-08-26T18:24:03.184Z"
                    title="26 Aug 2019"
                  >
                    4 months from now
                  </time>
                </div>
                devadmin updated version FV_Z0NZQZNX of file SF_Y07IN1HO
              </div>
            </div>
            <div
              class="item"
              role="listitem"
            >
              <i
                aria-hidden="true"
                class="yellow refresh icon"
              />
              <div
                class="content"
              >
                <div
                  class="right floated content"
                >
                  <time
                    datetime="2019-08-26T18:24:03.182Z"
                    title="26 Aug 2019"
                  >
                    4 months from now
                  </time>
                </div>
                devadmin updated file SF_5ZPEM167
              </div>
            </div>
            <div
              class="item"
              role="listitem"
            >
              <i
                aria-hidden="true"
                class="green add icon"
              />
              <div
                class="content"
              >
                <div
                  class="right floated content"
                >
                  <time
                    datetime="2019-08-26T18:23:53.703Z"
                    title="26 Aug 2019"
                  >
                    4 months from now
                  </time>
                </div>
                devadmin created version FV_4FCEYZ3T of file SF_Y07IN1HO
              </div>
            </div>
            <div
              class="item"
              role="listitem"
            >
              <i
                aria-hidden="true"
                class="green add icon"
              />
              <div
                class="content"
              >
                <div
                  class="right floated content"
                >
                  <time
                    datetime="2019-08-26T18:23:53.695Z"
                    title="26 Aug 2019"
                  >
                    4 months from now
                  </time>
                </div>
                devadmin created file SF_Y07IN1HO
              </div>
            </div>
          </div>
        </div>
      </div>
    </div>
  </div>
</div>
`;

exports[`Study basic info link project modal renders correctly 1`] = `
<div>
  <div
    class="ui vertically padded grid"
  >
    <div
      class="stretched row"
    >
      <div
        class="eight wide computer sixteen wide mobile sixteen wide tablet column"
      >
        <div
          class="ui segments"
        >
          <div
            class="ui padded segment"
          >
            <h3
              class="ui header"
            >
              Study Info
              <button
                class="ui mini primary right floated button"
              >
                EDIT
              </button>
            </h3>
            <div
              class="ui large relaxed list"
              role="list"
            >
              <div
                class="item"
                role="listitem"
              >
                <div
                  class="description"
                >
                  External ID
                </div>
                <div
                  class="header"
                >
                  test_study_external_id
                </div>
              </div>
              <div
                class="item"
                role="listitem"
              >
                <div
                  class="description"
                >
                  Name
                </div>
                <div
                  class="header"
                >
                  benchmark extensible e-business
                </div>
              </div>
              <div
                class="item"
                role="listitem"
              >
                <div
                  class="description"
                >
                  Short Name
                </div>
                <div
                  class="header"
                >
                  Unknown
                </div>
              </div>
              <div
                class="item"
                role="listitem"
              >
                <div
                  class="description"
                >
                  Created At
                </div>
                <div
                  class="header"
                >
                  <time
                    datetime="2019-04-20T15:22:18.780Z"
                    title="20 Apr 2019"
                  >
                    3 days ago
                  </time>
                </div>
              </div>
              <div
                class="item"
                role="listitem"
              >
                <div
                  class="description"
                >
                  Modified At
                </div>
                <div
                  class="header"
                >
                  <time
                    datetime="2019-04-25T15:22:18.780Z"
                    title="25 Apr 2019"
                  >
                    2 days from now
                  </time>
                </div>
              </div>
              <div
                class="item"
                role="listitem"
              >
                <div
                  class="description"
                >
                  S3 Bucket Name
                </div>
                <div
                  class="header"
                >
                  stay-wrong-ready
                </div>
              </div>
              <div
                class="item"
                role="listitem"
              >
                <div
                  class="description"
                >
                  Release Status
                </div>
                <div
                  class="header"
                >
                  Unknown
                </div>
              </div>
              <div
                class="item"
                role="listitem"
              >
                <div
                  class="description"
                >
                  ReleaseDate
                </div>
                <div
                  class="header"
                >
                  2019-08-24
                </div>
              </div>
              <div
                class="item"
                role="listitem"
              >
                <div
                  class="description"
                >
                  The expected number of samples for the study
                </div>
                <div
                  class="header"
                >
                  100
                </div>
              </div>
              <div
                class="item"
                role="listitem"
              >
                <div
                  class="description"
                >
                  The organization that the grant was awarded to
                </div>
                <div
                  class="header"
                >
                  CHOP
                </div>
              </div>
              <div
                class="item"
                role="listitem"
              >
                <div
                  class="description"
                >
                  Link to Attribution
                </div>
                <div
                  class="header"
                >
                  Unknown
                </div>
              </div>
              <div
                class="item"
                role="listitem"
              >
                <div
                  class="description"
                >
                  Access Authority
                </div>
                <div
                  class="header"
                >
                  dbGaP
                </div>
              </div>
              <div
                class="item"
                role="listitem"
              >
                <div
                  class="description"
                >
                  Access Authority Version
                </div>
                <div
                  class="header"
                >
                  Unknown
                </div>
              </div>
            </div>
          </div>
          <div
            class="ui padded segment"
          >
            <h3
              class="ui header"
            >
              Study Files
            </h3>
            <div
              class="ui horizontal list"
              role="list"
            >
              <div
                class="item"
                role="listitem"
              >
                <i
                  aria-hidden="true"
                  class="file icon"
                />
                2
                 files
              </div>
              <div
                class="item"
                role="listitem"
              >
                <div
                  class="ui orange mini circular empty label"
                />
                 
                2
              </div>
            </div>
            <div
              class="ui label ui mini basic icon right floated button"
              role="button"
            >
              <i
                aria-hidden="true"
                class="chevron down icon"
              />
            </div>
          </div>
        </div>
      </div>
      <div
        class="eight wide computer sixteen wide mobile sixteen wide tablet column"
      >
        <div>
          <div
            class="ui attached padded segment max-h-500"
          >
            <h3
              class="ui header"
            >
              Description
            </h3>
            <p>
              Sudy description in markdown, commonly the X01 abstract text. --  As test study description
            </p>
          </div>
          <div
            class="ui bottom attached button"
            role="button"
            tabindex="0"
          >
            Read More
          </div>
        </div>
      </div>
    </div>
    <div
      class="stretched row"
    >
      <div
        class="sixteen wide computer sixteen wide mobile sixteen wide tablet column"
      >
        <div
          class="ui padded segment"
        >
          <h3
            class="ui header pb-10"
          >
            Cavatica Projects
            <button
              class="ui mini primary right floated button"
            >
              <i
                aria-hidden="true"
                class="linkify icon"
              />
              LINK PROJECT
            </button>
            <button
              class="ui mini basic primary right floated button"
            >
              <i
                aria-hidden="true"
                class="add icon"
              />
              NEW PROJECT
            </button>
          </h3>
          <div
            class="ui divided relaxed list"
            role="list"
          >
            <div
              class="item"
              role="listitem"
            >
              <div
                class="right floated content"
              />
              <i
                aria-hidden="true"
                class="paper plane outline icon"
              />
              <div
                class="content"
              >
                <a
                  class="header"
                  href="https://cavatica.sbgenomics.com/u/zhux3/sd-8wx8qq06"
                  target="_blank"
                >
                  test study name 
                  <i
                    aria-hidden="true"
                    class="external small link icon"
                  />
                </a>
                <div
                  class="ui bulleted horizontal list"
                  role="list"
                >
                  <div
                    class="item"
                    role="listitem"
                  >
                    Created
                     by zhux3 
                    <time
                      datetime="2019-08-26T18:22:41.000Z"
                      title="26 Aug 2019"
                    >
                      4 months from now
                    </time>
                  </div>
                  <div
                    class="item"
                    role="listitem"
                  >
                    <code>
                      zhux3/sd-8wx8qq06
                    </code>
                  </div>
                </div>
              </div>
            </div>
            <div
              class="item"
              role="listitem"
            >
              <div
                class="right floated content"
              />
              <i
                aria-hidden="true"
                class="sliders horizontal icon"
              />
              <div
                class="content"
              >
                <a
                  class="header"
                  href="https://cavatica.sbgenomics.com/u/zhux3/sd-8wx8qq06-bwa-mem"
                  target="_blank"
                >
                  test study name bwa-mem 
                  <i
                    aria-hidden="true"
                    class="external small link icon"
                  />
                </a>
                <div
                  class="ui bulleted horizontal list"
                  role="list"
                >
                  <div
                    class="item"
                    role="listitem"
                  >
                    Created
                     by zhux3 
                    <time
                      datetime="2019-08-26T18:22:42.000Z"
                      title="26 Aug 2019"
                    >
                      4 months from now
                    </time>
                  </div>
                  <div
                    class="item"
                    role="listitem"
                  >
                    bwa_mem
                  </div>
                  <div
                    class="item"
                    role="listitem"
                  >
                    <code>
                      zhux3/sd-8wx8qq06-bwa-mem
                    </code>
                  </div>
                </div>
              </div>
            </div>
            <div
              class="item"
              role="listitem"
            >
              <div
                class="right floated content"
              />
              <i
                aria-hidden="true"
                class="sliders horizontal icon"
              />
              <div
                class="content"
              >
                <a
                  class="header"
                  href="https://cavatica.sbgenomics.com/u/zhux3/sd-8wx8qq06-gatk-haplotypecaller"
                  target="_blank"
                >
                  test study name gatk-haplotypecaller 
                  <i
                    aria-hidden="true"
                    class="external small link icon"
                  />
                </a>
                <div
                  class="ui bulleted horizontal list"
                  role="list"
                >
                  <div
                    class="item"
                    role="listitem"
                  >
                    Created
                     by zhux3 
                    <time
                      datetime="2019-08-26T18:22:43.000Z"
                      title="26 Aug 2019"
                    >
                      4 months from now
                    </time>
                  </div>
                  <div
                    class="item"
                    role="listitem"
                  >
                    gatk_haplotypecaller
                  </div>
                  <div
                    class="item"
                    role="listitem"
                  >
                    <code>
                      zhux3/sd-8wx8qq06-gatk-haplotypecaller
                    </code>
                  </div>
                </div>
              </div>
            </div>
          </div>
        </div>
      </div>
    </div>
    <div
      class="row"
    >
      <div
        class="sixteen wide computer sixteen wide mobile sixteen wide tablet column"
      >
        <div
          class="ui padded segment"
        >
          <h3
            class="ui header"
          >
            Event Logs
          </h3>
          <div
            class="ui very relaxed list"
            role="list"
          >
            <div
              class="item"
              role="listitem"
            >
              <i
                aria-hidden="true"
                class="green add icon"
              />
              <div
                class="content"
              >
                <div
                  class="right floated content"
                >
                  <time
                    datetime="2019-08-26T18:25:02.985Z"
                    title="26 Aug 2019"
                  >
                    4 months from now
                  </time>
                </div>
                devadmin created version FV_9AF7CC3Z of file SF_5ZPEM167
              </div>
            </div>
            <div
              class="item"
              role="listitem"
            >
              <i
                aria-hidden="true"
                class="yellow refresh icon"
              />
              <div
                class="content"
              >
                <div
                  class="right floated content"
                >
                  <time
                    datetime="2019-08-26T18:24:46.341Z"
                    title="26 Aug 2019"
                  >
                    4 months from now
                  </time>
                </div>
                devadmin updated version FV_4FCEYZ3T of file SF_5ZPEM167
              </div>
            </div>
            <div
              class="item"
              role="listitem"
            >
              <i
                aria-hidden="true"
                class="green add icon"
              />
              <div
                class="content"
              >
                <div
                  class="right floated content"
                >
                  <time
                    datetime="2019-08-26T18:24:36.763Z"
                    title="26 Aug 2019"
                  >
                    4 months from now
                  </time>
                </div>
                devadmin created version FV_ABCPEQRK of file SF_Y07IN1HO
              </div>
            </div>
            <div
              class="item"
              role="listitem"
            >
              <i
                aria-hidden="true"
                class="green add icon"
              />
              <div
                class="content"
              >
                <div
                  class="right floated content"
                >
                  <time
                    datetime="2019-08-26T18:24:19.986Z"
                    title="26 Aug 2019"
                  >
                    4 months from now
                  </time>
                </div>
                devadmin created version FV_BHXN2F7A of file SF_Y07IN1HO
              </div>
            </div>
            <div
              class="item"
              role="listitem"
            >
              <i
                aria-hidden="true"
                class="yellow refresh icon"
              />
              <div
                class="content"
              >
                <div
                  class="right floated content"
                >
                  <time
                    datetime="2019-08-26T18:24:03.184Z"
                    title="26 Aug 2019"
                  >
                    4 months from now
                  </time>
                </div>
                devadmin updated version FV_Z0NZQZNX of file SF_Y07IN1HO
              </div>
            </div>
            <div
              class="item"
              role="listitem"
            >
              <i
                aria-hidden="true"
                class="yellow refresh icon"
              />
              <div
                class="content"
              >
                <div
                  class="right floated content"
                >
                  <time
                    datetime="2019-08-26T18:24:03.182Z"
                    title="26 Aug 2019"
                  >
                    4 months from now
                  </time>
                </div>
                devadmin updated file SF_5ZPEM167
              </div>
            </div>
            <div
              class="item"
              role="listitem"
            >
              <i
                aria-hidden="true"
                class="green add icon"
              />
              <div
                class="content"
              >
                <div
                  class="right floated content"
                >
                  <time
                    datetime="2019-08-26T18:23:53.703Z"
                    title="26 Aug 2019"
                  >
                    4 months from now
                  </time>
                </div>
                devadmin created version FV_4FCEYZ3T of file SF_Y07IN1HO
              </div>
            </div>
            <div
              class="item"
              role="listitem"
            >
              <i
                aria-hidden="true"
                class="green add icon"
              />
              <div
                class="content"
              >
                <div
                  class="right floated content"
                >
                  <time
                    datetime="2019-08-26T18:23:53.695Z"
                    title="26 Aug 2019"
                  >
                    4 months from now
                  </time>
                </div>
                devadmin created file SF_Y07IN1HO
              </div>
            </div>
          </div>
        </div>
      </div>
    </div>
  </div>
</div>
`;

exports[`Study basic info new project modal renders correctly 1`] = `
<div>
  <div
    class="ui vertically padded grid"
  >
    <div
      class="stretched row"
    >
      <div
        class="eight wide computer sixteen wide mobile sixteen wide tablet column"
      >
        <div
          class="ui segments"
        >
          <div
            class="ui padded segment"
          >
            <h3
              class="ui header"
            >
              Study Info
              <button
                class="ui mini primary right floated button"
              >
                EDIT
              </button>
            </h3>
            <div
              class="ui large relaxed list"
              role="list"
            >
              <div
                class="item"
                role="listitem"
              >
                <div
                  class="description"
                >
                  External ID
                </div>
                <div
                  class="header"
                >
                  test_study_external_id
                </div>
              </div>
              <div
                class="item"
                role="listitem"
              >
                <div
                  class="description"
                >
                  Name
                </div>
                <div
                  class="header"
                >
                  benchmark extensible e-business
                </div>
              </div>
              <div
                class="item"
                role="listitem"
              >
                <div
                  class="description"
                >
                  Short Name
                </div>
                <div
                  class="header"
                >
                  Unknown
                </div>
              </div>
              <div
                class="item"
                role="listitem"
              >
                <div
                  class="description"
                >
                  Created At
                </div>
                <div
                  class="header"
                >
                  <time
                    datetime="2019-04-20T15:22:18.780Z"
                    title="20 Apr 2019"
                  >
                    3 days ago
                  </time>
                </div>
              </div>
              <div
                class="item"
                role="listitem"
              >
                <div
                  class="description"
                >
                  Modified At
                </div>
                <div
                  class="header"
                >
                  <time
                    datetime="2019-04-25T15:22:18.780Z"
                    title="25 Apr 2019"
                  >
                    2 days from now
                  </time>
                </div>
              </div>
              <div
                class="item"
                role="listitem"
              >
                <div
                  class="description"
                >
                  S3 Bucket Name
                </div>
                <div
                  class="header"
                >
                  stay-wrong-ready
                </div>
              </div>
              <div
                class="item"
                role="listitem"
              >
                <div
                  class="description"
                >
                  Release Status
                </div>
                <div
                  class="header"
                >
                  Unknown
                </div>
              </div>
              <div
                class="item"
                role="listitem"
              >
                <div
                  class="description"
                >
                  ReleaseDate
                </div>
                <div
                  class="header"
                >
                  2019-08-24
                </div>
              </div>
              <div
                class="item"
                role="listitem"
              >
                <div
                  class="description"
                >
                  The expected number of samples for the study
                </div>
                <div
                  class="header"
                >
                  100
                </div>
              </div>
              <div
                class="item"
                role="listitem"
              >
                <div
                  class="description"
                >
                  The organization that the grant was awarded to
                </div>
                <div
                  class="header"
                >
                  CHOP
                </div>
              </div>
              <div
                class="item"
                role="listitem"
              >
                <div
                  class="description"
                >
                  Link to Attribution
                </div>
                <div
                  class="header"
                >
                  Unknown
                </div>
              </div>
              <div
                class="item"
                role="listitem"
              >
                <div
                  class="description"
                >
                  Access Authority
                </div>
                <div
                  class="header"
                >
                  dbGaP
                </div>
              </div>
              <div
                class="item"
                role="listitem"
              >
                <div
                  class="description"
                >
                  Access Authority Version
                </div>
                <div
                  class="header"
                >
                  Unknown
                </div>
              </div>
            </div>
          </div>
          <div
            class="ui padded segment"
          >
            <h3
              class="ui header"
            >
              Study Files
            </h3>
            <div
              class="ui horizontal list"
              role="list"
            >
              <div
                class="item"
                role="listitem"
              >
                <i
                  aria-hidden="true"
                  class="file icon"
                />
                2
                 files
              </div>
              <div
                class="item"
                role="listitem"
              >
                <div
                  class="ui orange mini circular empty label"
                />
                 
                2
              </div>
            </div>
            <div
              class="ui label ui mini basic icon right floated button"
              role="button"
            >
              <i
                aria-hidden="true"
                class="chevron down icon"
              />
            </div>
          </div>
        </div>
      </div>
      <div
        class="eight wide computer sixteen wide mobile sixteen wide tablet column"
      >
        <div>
          <div
            class="ui attached padded segment max-h-500"
          >
            <h3
              class="ui header"
            >
              Description
            </h3>
            <p>
              Sudy description in markdown, commonly the X01 abstract text. --  As test study description
            </p>
          </div>
          <div
            class="ui bottom attached button"
            role="button"
            tabindex="0"
          >
            Read More
          </div>
        </div>
      </div>
    </div>
    <div
      class="stretched row"
    >
      <div
        class="sixteen wide computer sixteen wide mobile sixteen wide tablet column"
      >
        <div
          class="ui padded segment"
        >
          <h3
            class="ui header pb-10"
          >
            Cavatica Projects
            <button
              class="ui mini primary right floated button"
            >
              <i
                aria-hidden="true"
                class="linkify icon"
              />
              LINK PROJECT
            </button>
            <button
              class="ui mini basic primary right floated button"
            >
              <i
                aria-hidden="true"
                class="add icon"
              />
              NEW PROJECT
            </button>
          </h3>
          <div
            class="ui divided relaxed list"
            role="list"
          >
            <div
              class="item"
              role="listitem"
            >
              <div
                class="right floated content"
              />
              <i
                aria-hidden="true"
                class="paper plane outline icon"
              />
              <div
                class="content"
              >
                <a
                  class="header"
                  href="https://cavatica.sbgenomics.com/u/zhux3/sd-8wx8qq06"
                  target="_blank"
                >
                  test study name 
                  <i
                    aria-hidden="true"
                    class="external small link icon"
                  />
                </a>
                <div
                  class="ui bulleted horizontal list"
                  role="list"
                >
                  <div
                    class="item"
                    role="listitem"
                  >
                    Created
                     by zhux3 
                    <time
                      datetime="2019-08-26T18:22:41.000Z"
                      title="26 Aug 2019"
                    >
                      4 months from now
                    </time>
                  </div>
                  <div
                    class="item"
                    role="listitem"
                  >
                    <code>
                      zhux3/sd-8wx8qq06
                    </code>
                  </div>
                </div>
              </div>
            </div>
            <div
              class="item"
              role="listitem"
            >
              <div
                class="right floated content"
              />
              <i
                aria-hidden="true"
                class="sliders horizontal icon"
              />
              <div
                class="content"
              >
                <a
                  class="header"
                  href="https://cavatica.sbgenomics.com/u/zhux3/sd-8wx8qq06-bwa-mem"
                  target="_blank"
                >
                  test study name bwa-mem 
                  <i
                    aria-hidden="true"
                    class="external small link icon"
                  />
                </a>
                <div
                  class="ui bulleted horizontal list"
                  role="list"
                >
                  <div
                    class="item"
                    role="listitem"
                  >
                    Created
                     by zhux3 
                    <time
                      datetime="2019-08-26T18:22:42.000Z"
                      title="26 Aug 2019"
                    >
                      4 months from now
                    </time>
                  </div>
                  <div
                    class="item"
                    role="listitem"
                  >
                    bwa_mem
                  </div>
                  <div
                    class="item"
                    role="listitem"
                  >
                    <code>
                      zhux3/sd-8wx8qq06-bwa-mem
                    </code>
                  </div>
                </div>
              </div>
            </div>
            <div
              class="item"
              role="listitem"
            >
              <div
                class="right floated content"
              />
              <i
                aria-hidden="true"
                class="sliders horizontal icon"
              />
              <div
                class="content"
              >
                <a
                  class="header"
                  href="https://cavatica.sbgenomics.com/u/zhux3/sd-8wx8qq06-gatk-haplotypecaller"
                  target="_blank"
                >
                  test study name gatk-haplotypecaller 
                  <i
                    aria-hidden="true"
                    class="external small link icon"
                  />
                </a>
                <div
                  class="ui bulleted horizontal list"
                  role="list"
                >
                  <div
                    class="item"
                    role="listitem"
                  >
                    Created
                     by zhux3 
                    <time
                      datetime="2019-08-26T18:22:43.000Z"
                      title="26 Aug 2019"
                    >
                      4 months from now
                    </time>
                  </div>
                  <div
                    class="item"
                    role="listitem"
                  >
                    gatk_haplotypecaller
                  </div>
                  <div
                    class="item"
                    role="listitem"
                  >
                    <code>
                      zhux3/sd-8wx8qq06-gatk-haplotypecaller
                    </code>
                  </div>
                </div>
              </div>
            </div>
          </div>
        </div>
      </div>
    </div>
    <div
      class="row"
    >
      <div
        class="sixteen wide computer sixteen wide mobile sixteen wide tablet column"
      >
        <div
          class="ui padded segment"
        >
          <h3
            class="ui header"
          >
            Event Logs
          </h3>
          <div
            class="ui very relaxed list"
            role="list"
          >
            <div
              class="item"
              role="listitem"
            >
              <i
                aria-hidden="true"
                class="green add icon"
              />
              <div
                class="content"
              >
                <div
                  class="right floated content"
                >
                  <time
                    datetime="2019-08-26T18:25:02.985Z"
                    title="26 Aug 2019"
                  >
                    4 months from now
                  </time>
                </div>
                devadmin created version FV_9AF7CC3Z of file SF_5ZPEM167
              </div>
            </div>
            <div
              class="item"
              role="listitem"
            >
              <i
                aria-hidden="true"
                class="yellow refresh icon"
              />
              <div
                class="content"
              >
                <div
                  class="right floated content"
                >
                  <time
                    datetime="2019-08-26T18:24:46.341Z"
                    title="26 Aug 2019"
                  >
                    4 months from now
                  </time>
                </div>
                devadmin updated version FV_4FCEYZ3T of file SF_5ZPEM167
              </div>
            </div>
            <div
              class="item"
              role="listitem"
            >
              <i
                aria-hidden="true"
                class="green add icon"
              />
              <div
                class="content"
              >
                <div
                  class="right floated content"
                >
                  <time
                    datetime="2019-08-26T18:24:36.763Z"
                    title="26 Aug 2019"
                  >
                    4 months from now
                  </time>
                </div>
                devadmin created version FV_ABCPEQRK of file SF_Y07IN1HO
              </div>
            </div>
            <div
              class="item"
              role="listitem"
            >
              <i
                aria-hidden="true"
                class="green add icon"
              />
              <div
                class="content"
              >
                <div
                  class="right floated content"
                >
                  <time
                    datetime="2019-08-26T18:24:19.986Z"
                    title="26 Aug 2019"
                  >
                    4 months from now
                  </time>
                </div>
                devadmin created version FV_BHXN2F7A of file SF_Y07IN1HO
              </div>
            </div>
            <div
              class="item"
              role="listitem"
            >
              <i
                aria-hidden="true"
                class="yellow refresh icon"
              />
              <div
                class="content"
              >
                <div
                  class="right floated content"
                >
                  <time
                    datetime="2019-08-26T18:24:03.184Z"
                    title="26 Aug 2019"
                  >
                    4 months from now
                  </time>
                </div>
                devadmin updated version FV_Z0NZQZNX of file SF_Y07IN1HO
              </div>
            </div>
            <div
              class="item"
              role="listitem"
            >
              <i
                aria-hidden="true"
                class="yellow refresh icon"
              />
              <div
                class="content"
              >
                <div
                  class="right floated content"
                >
                  <time
                    datetime="2019-08-26T18:24:03.182Z"
                    title="26 Aug 2019"
                  >
                    4 months from now
                  </time>
                </div>
                devadmin updated file SF_5ZPEM167
              </div>
            </div>
            <div
              class="item"
              role="listitem"
            >
              <i
                aria-hidden="true"
                class="green add icon"
              />
              <div
                class="content"
              >
                <div
                  class="right floated content"
                >
                  <time
                    datetime="2019-08-26T18:23:53.703Z"
                    title="26 Aug 2019"
                  >
                    4 months from now
                  </time>
                </div>
                devadmin created version FV_4FCEYZ3T of file SF_Y07IN1HO
              </div>
            </div>
            <div
              class="item"
              role="listitem"
            >
              <i
                aria-hidden="true"
                class="green add icon"
              />
              <div
                class="content"
              >
                <div
                  class="right floated content"
                >
                  <time
                    datetime="2019-08-26T18:23:53.695Z"
                    title="26 Aug 2019"
                  >
                    4 months from now
                  </time>
                </div>
                devadmin created file SF_Y07IN1HO
              </div>
            </div>
          </div>
        </div>
      </div>
    </div>
  </div>
</div>
`;

exports[`Study basic info page renders correctly 1`] = `
<div>
  <div
    class="ui vertically padded grid"
  >
    <div
      class="stretched row"
    >
      <div
        class="eight wide computer sixteen wide mobile sixteen wide tablet column"
      >
        <div
          class="ui segments"
        >
          <div
            class="ui padded segment"
          >
            <h3
              class="ui header"
            >
              Study Info
              <button
                class="ui mini primary right floated button"
              >
                EDIT
              </button>
            </h3>
            <div
              class="ui large relaxed list"
              role="list"
            >
              <div
                class="item"
                role="listitem"
              >
                <div
                  class="description"
                >
                  External ID
                </div>
                <div
                  class="header"
                >
                  test_study_external_id
                </div>
              </div>
              <div
                class="item"
                role="listitem"
              >
                <div
                  class="description"
                >
                  Name
                </div>
                <div
                  class="header"
                >
                  benchmark extensible e-business
                </div>
              </div>
              <div
                class="item"
                role="listitem"
              >
                <div
                  class="description"
                >
                  Short Name
                </div>
                <div
                  class="header"
                >
                  Unknown
                </div>
              </div>
              <div
                class="item"
                role="listitem"
              >
                <div
                  class="description"
                >
                  Created At
                </div>
                <div
                  class="header"
                >
                  <time
                    datetime="2019-04-20T15:22:18.780Z"
                    title="20 Apr 2019"
                  >
                    3 days ago
                  </time>
                </div>
              </div>
              <div
                class="item"
                role="listitem"
              >
                <div
                  class="description"
                >
                  Modified At
                </div>
                <div
                  class="header"
                >
                  <time
                    datetime="2019-04-25T15:22:18.780Z"
                    title="25 Apr 2019"
                  >
                    2 days from now
                  </time>
                </div>
              </div>
              <div
                class="item"
                role="listitem"
              >
                <div
                  class="description"
                >
                  S3 Bucket Name
                </div>
                <div
                  class="header"
                >
                  stay-wrong-ready
                </div>
              </div>
              <div
                class="item"
                role="listitem"
              >
                <div
                  class="description"
                >
                  Release Status
                </div>
                <div
                  class="header"
                >
                  Unknown
                </div>
              </div>
              <div
                class="item"
                role="listitem"
              >
                <div
                  class="description"
                >
                  ReleaseDate
                </div>
                <div
                  class="header"
                >
                  2019-08-24
                </div>
              </div>
              <div
                class="item"
                role="listitem"
              >
                <div
                  class="description"
                >
                  The expected number of samples for the study
                </div>
                <div
                  class="header"
                >
                  100
                </div>
              </div>
              <div
                class="item"
                role="listitem"
              >
                <div
                  class="description"
                >
                  The organization that the grant was awarded to
                </div>
                <div
                  class="header"
                >
                  CHOP
                </div>
              </div>
              <div
                class="item"
                role="listitem"
              >
                <div
                  class="description"
                >
                  Link to Attribution
                </div>
                <div
                  class="header"
                >
                  Unknown
                </div>
              </div>
              <div
                class="item"
                role="listitem"
              >
                <div
                  class="description"
                >
                  Access Authority
                </div>
                <div
                  class="header"
                >
                  dbGaP
                </div>
              </div>
              <div
                class="item"
                role="listitem"
              >
                <div
                  class="description"
                >
                  Access Authority Version
                </div>
                <div
                  class="header"
                >
                  Unknown
                </div>
              </div>
            </div>
          </div>
          <div
            class="ui padded segment"
          >
            <h3
              class="ui header"
            >
              Study Files
            </h3>
            <div
              class="ui horizontal list"
              role="list"
            >
              <div
                class="item"
                role="listitem"
              >
                <i
                  aria-hidden="true"
                  class="file icon"
                />
                2
                 files
              </div>
              <div
                class="item"
                role="listitem"
              >
                <div
                  class="ui orange mini circular empty label"
                />
                 
                2
              </div>
            </div>
            <div
              class="ui label ui mini basic icon right floated button"
              role="button"
            >
              <i
                aria-hidden="true"
                class="chevron down icon"
              />
            </div>
          </div>
        </div>
      </div>
      <div
        class="eight wide computer sixteen wide mobile sixteen wide tablet column"
      >
        <div>
          <div
            class="ui attached padded segment max-h-500"
          >
            <h3
              class="ui header"
            >
              Description
            </h3>
            <p>
              Sudy description in markdown, commonly the X01 abstract text. --  As test study description
            </p>
          </div>
          <div
            class="ui bottom attached button"
            role="button"
            tabindex="0"
          >
            Read More
          </div>
        </div>
      </div>
    </div>
    <div
      class="stretched row"
    >
      <div
        class="sixteen wide computer sixteen wide mobile sixteen wide tablet column"
      >
        <div
          class="ui padded segment"
        >
          <h3
            class="ui header pb-10"
          >
            Cavatica Projects
            <button
              class="ui mini primary right floated button"
            >
              <i
                aria-hidden="true"
                class="linkify icon"
              />
              LINK PROJECT
            </button>
            <button
              class="ui mini basic primary right floated button"
            >
              <i
                aria-hidden="true"
                class="add icon"
              />
              NEW PROJECT
            </button>
          </h3>
          <div
            class="ui divided relaxed list"
            role="list"
          >
            <div
              class="item"
              role="listitem"
            >
              <div
                class="right floated content"
              />
              <i
                aria-hidden="true"
                class="paper plane outline icon"
              />
              <div
                class="content"
              >
                <a
                  class="header"
                  href="https://cavatica.sbgenomics.com/u/zhux3/sd-8wx8qq06"
                  target="_blank"
                >
                  test study name 
                  <i
                    aria-hidden="true"
                    class="external small link icon"
                  />
                </a>
                <div
                  class="ui bulleted horizontal list"
                  role="list"
                >
                  <div
                    class="item"
                    role="listitem"
                  >
                    Created
                     by zhux3 
                    <time
                      datetime="2019-08-26T18:22:41.000Z"
                      title="26 Aug 2019"
                    >
                      4 months from now
                    </time>
                  </div>
                  <div
                    class="item"
                    role="listitem"
                  >
                    <code>
                      zhux3/sd-8wx8qq06
                    </code>
                  </div>
                </div>
              </div>
            </div>
            <div
              class="item"
              role="listitem"
            >
              <div
                class="right floated content"
              />
              <i
                aria-hidden="true"
                class="sliders horizontal icon"
              />
              <div
                class="content"
              >
                <a
                  class="header"
                  href="https://cavatica.sbgenomics.com/u/zhux3/sd-8wx8qq06-bwa-mem"
                  target="_blank"
                >
                  test study name bwa-mem 
                  <i
                    aria-hidden="true"
                    class="external small link icon"
                  />
                </a>
                <div
                  class="ui bulleted horizontal list"
                  role="list"
                >
                  <div
                    class="item"
                    role="listitem"
                  >
                    Created
                     by zhux3 
                    <time
                      datetime="2019-08-26T18:22:42.000Z"
                      title="26 Aug 2019"
                    >
                      4 months from now
                    </time>
                  </div>
                  <div
                    class="item"
                    role="listitem"
                  >
                    bwa_mem
                  </div>
                  <div
                    class="item"
                    role="listitem"
                  >
                    <code>
                      zhux3/sd-8wx8qq06-bwa-mem
                    </code>
                  </div>
                </div>
              </div>
            </div>
            <div
              class="item"
              role="listitem"
            >
              <div
                class="right floated content"
              />
              <i
                aria-hidden="true"
                class="sliders horizontal icon"
              />
              <div
                class="content"
              >
                <a
                  class="header"
                  href="https://cavatica.sbgenomics.com/u/zhux3/sd-8wx8qq06-gatk-haplotypecaller"
                  target="_blank"
                >
                  test study name gatk-haplotypecaller 
                  <i
                    aria-hidden="true"
                    class="external small link icon"
                  />
                </a>
                <div
                  class="ui bulleted horizontal list"
                  role="list"
                >
                  <div
                    class="item"
                    role="listitem"
                  >
                    Created
                     by zhux3 
                    <time
                      datetime="2019-08-26T18:22:43.000Z"
                      title="26 Aug 2019"
                    >
                      4 months from now
                    </time>
                  </div>
                  <div
                    class="item"
                    role="listitem"
                  >
                    gatk_haplotypecaller
                  </div>
                  <div
                    class="item"
                    role="listitem"
                  >
                    <code>
                      zhux3/sd-8wx8qq06-gatk-haplotypecaller
                    </code>
                  </div>
                </div>
              </div>
            </div>
          </div>
        </div>
      </div>
    </div>
    <div
      class="row"
    >
      <div
        class="sixteen wide computer sixteen wide mobile sixteen wide tablet column"
      >
        <div
          class="ui padded segment"
        >
          <h3
            class="ui header"
          >
            Event Logs
          </h3>
          <div
            class="ui very relaxed list"
            role="list"
          >
            <div
              class="item"
              role="listitem"
            >
              <i
                aria-hidden="true"
                class="green add icon"
              />
              <div
                class="content"
              >
                <div
                  class="right floated content"
                >
                  <time
                    datetime="2019-08-26T18:25:02.985Z"
                    title="26 Aug 2019"
                  >
                    4 months from now
                  </time>
                </div>
                devadmin created version FV_9AF7CC3Z of file SF_5ZPEM167
              </div>
            </div>
            <div
              class="item"
              role="listitem"
            >
              <i
                aria-hidden="true"
                class="yellow refresh icon"
              />
              <div
                class="content"
              >
                <div
                  class="right floated content"
                >
                  <time
                    datetime="2019-08-26T18:24:46.341Z"
                    title="26 Aug 2019"
                  >
                    4 months from now
                  </time>
                </div>
                devadmin updated version FV_4FCEYZ3T of file SF_5ZPEM167
              </div>
            </div>
            <div
              class="item"
              role="listitem"
            >
              <i
                aria-hidden="true"
                class="green add icon"
              />
              <div
                class="content"
              >
                <div
                  class="right floated content"
                >
                  <time
                    datetime="2019-08-26T18:24:36.763Z"
                    title="26 Aug 2019"
                  >
                    4 months from now
                  </time>
                </div>
                devadmin created version FV_ABCPEQRK of file SF_Y07IN1HO
              </div>
            </div>
            <div
              class="item"
              role="listitem"
            >
              <i
                aria-hidden="true"
                class="green add icon"
              />
              <div
                class="content"
              >
                <div
                  class="right floated content"
                >
                  <time
                    datetime="2019-08-26T18:24:19.986Z"
                    title="26 Aug 2019"
                  >
                    4 months from now
                  </time>
                </div>
                devadmin created version FV_BHXN2F7A of file SF_Y07IN1HO
              </div>
            </div>
            <div
              class="item"
              role="listitem"
            >
              <i
                aria-hidden="true"
                class="yellow refresh icon"
              />
              <div
                class="content"
              >
                <div
                  class="right floated content"
                >
                  <time
                    datetime="2019-08-26T18:24:03.184Z"
                    title="26 Aug 2019"
                  >
                    4 months from now
                  </time>
                </div>
                devadmin updated version FV_Z0NZQZNX of file SF_Y07IN1HO
              </div>
            </div>
            <div
              class="item"
              role="listitem"
            >
              <i
                aria-hidden="true"
                class="yellow refresh icon"
              />
              <div
                class="content"
              >
                <div
                  class="right floated content"
                >
                  <time
                    datetime="2019-08-26T18:24:03.182Z"
                    title="26 Aug 2019"
                  >
                    4 months from now
                  </time>
                </div>
                devadmin updated file SF_5ZPEM167
              </div>
            </div>
            <div
              class="item"
              role="listitem"
            >
              <i
                aria-hidden="true"
                class="green add icon"
              />
              <div
                class="content"
              >
                <div
                  class="right floated content"
                >
                  <time
                    datetime="2019-08-26T18:23:53.703Z"
                    title="26 Aug 2019"
                  >
                    4 months from now
                  </time>
                </div>
                devadmin created version FV_4FCEYZ3T of file SF_Y07IN1HO
              </div>
            </div>
            <div
              class="item"
              role="listitem"
            >
              <i
                aria-hidden="true"
                class="green add icon"
              />
              <div
                class="content"
              >
                <div
                  class="right floated content"
                >
                  <time
                    datetime="2019-08-26T18:23:53.695Z"
                    title="26 Aug 2019"
                  >
                    4 months from now
                  </time>
                </div>
                devadmin created file SF_Y07IN1HO
              </div>
            </div>
          </div>
        </div>
      </div>
    </div>
  </div>
</div>
`;
