// Jest Snapshot v1, https://goo.gl/fbAQLP

exports[`renders with files 1`] = `
<div>
  <div
    class="ui basic compact left floated segment noMargin noHorizontalPadding"
  >
    <span
      class="smallLabel"
    >
      Filter by:
    </span>
    <div
      aria-expanded="false"
      class="ui selection dropdown"
      role="listbox"
      tabindex="0"
    >
      <div
        aria-live="polite"
        class="default text"
        role="alert"
      >
        Approval status
      </div>
      <i
        aria-hidden="true"
        class="dropdown icon"
      />
      <div
        class="menu transition"
      >
        <div
          aria-checked="false"
          aria-selected="true"
          class="selected item"
          role="option"
          style="pointer-events: all;"
        >
          <div
            class="ui orange tiny basic label"
          >
            Pending review
          </div>
        </div>
        <div
          aria-checked="false"
          aria-selected="false"
          class="item"
          role="option"
          style="pointer-events: all;"
        >
          <div
            class="ui teal tiny basic label"
          >
            Approved
          </div>
        </div>
        <div
          aria-checked="false"
          aria-selected="false"
          class="item"
          role="option"
          style="pointer-events: all;"
        >
          <div
            class="ui red tiny basic label"
          >
            Changes needed
          </div>
        </div>
        <div
          aria-checked="false"
          aria-selected="false"
          class="item"
          role="option"
          style="pointer-events: all;"
        >
          <div
            class="ui blue tiny basic label"
          >
            Processed
          </div>
        </div>
      </div>
    </div>
  </div>
  <div
    class="ui basic compact left floated segment noMargin noHorizontalPadding"
  >
    <div
      aria-expanded="false"
      class="ui selection dropdown"
      role="listbox"
      tabindex="0"
    >
      <div
        aria-live="polite"
        class="default text"
        role="alert"
      >
        File type
      </div>
      <i
        aria-hidden="true"
        class="dropdown icon"
      />
      <div
        class="menu transition"
      >
        <div
          aria-checked="false"
          aria-selected="true"
          class="selected item"
          role="option"
          style="pointer-events: all;"
        >
          <small
            class="text"
          >
            <i
              aria-hidden="true"
              class="shipping icon"
            />
             Shipping Manifest
          </small>
        </div>
        <div
          aria-checked="false"
          aria-selected="false"
          class="item"
          role="option"
          style="pointer-events: all;"
        >
          <small
            class="text"
          >
            <i
              aria-hidden="true"
              class="hospital icon"
            />
             Clinical/Phenotype Data
          </small>
        </div>
        <div
          aria-checked="false"
          aria-selected="false"
          class="item"
          role="option"
          style="pointer-events: all;"
        >
          <small
            class="text"
          >
            <i
              aria-hidden="true"
              class="dna icon"
            />
             Sequencing Manifest
          </small>
        </div>
        <div
          aria-checked="false"
          aria-selected="false"
          class="item"
          role="option"
          style="pointer-events: all;"
        >
          <small
            class="text"
          >
            <i
              aria-hidden="true"
              class="question icon"
            />
             Other
          </small>
        </div>
      </div>
    </div>
  </div>
  <div
    class="ui basic compact left floated segment noMargin noHorizontalPadding"
  >
    <span
      class="smallLabel"
    >
      Sorted by:
    </span>
    <div
      aria-expanded="false"
      class="ui selection dropdown"
      role="listbox"
      tabindex="0"
    >
      <div
        aria-live="polite"
        class="text"
        role="alert"
      >
        Modified date
      </div>
      <i
        aria-hidden="true"
        class="dropdown icon clear"
      />
      <div
        class="menu transition"
      >
        <div
          aria-checked="false"
          aria-selected="false"
          class="item"
          role="option"
          style="pointer-events: all;"
        >
          <span
            class="text"
          >
            Create date
          </span>
        </div>
        <div
          aria-checked="true"
          aria-selected="true"
          class="active selected item"
          role="option"
          style="pointer-events: all;"
        >
          <span
            class="text"
          >
            Modified date
          </span>
        </div>
      </div>
    </div>
    <button
      class="ui basic icon button"
    >
      <i
        aria-hidden="true"
        class="sort content ascending icon"
      />
    </button>
  </div>
  <div
    class="ui basic compact right floated segment noMargin noHorizontalPadding"
  >
    <div
      class="ui icon input"
    >
      <input
        type="text"
        value=""
      />
      <i
        aria-hidden="true"
        class="search icon"
      />
    </div>
  </div>
  <table
    class="ui selectable stackable very basic very compact table"
  >
    <tbody
      class=""
    >
      <tr
        class="cursor-pointer"
        data-testid="file-item"
      >
        <td
          class="collapsing single line center aligned"
        >
          <div
            class="ui orange tiny basic label"
          >
            Pending review
          </div>
        </td>
        <td
          class=""
        >
          <span
            class="ui medium header"
          >
            pattern.flac
          </span>
          <p
            class="noMargin"
          >
            Shoulder body answer especially large big risk its. Sort fly note field fish. Network him identify r...
          </p>
          <div
            class="ui bulleted horizontal list"
            role="list"
          >
            <div
              class="item"
              role="listitem"
            >
              <button
                class="ui mini basic icon left labeled button"
              >
                <i
                  aria-hidden="true"
                  class="copy icon"
                />
                SF_JT0GRZP7
              </button>
            </div>
            <div
              class="item"
              role="listitem"
            >
              <div
                class="description"
              >
                Modified
                 
                <time
                  datetime="2017-11-06T13:13:56.000Z"
                  title="6 Nov 2017"
                >
                  1 year ago
                </time>
              </div>
            </div>
            <div
              class="item"
              role="listitem"
            >
              <div
                class="description"
              >
                6.6 kB
              </div>
            </div>
            <div
              class="item"
              role="listitem"
            >
              <i
                aria-hidden="true"
                class="hospital icon"
              />
               Clinical/Phenotype Data
            </div>
          </div>
        </td>
        <td
          class="center aligned"
        >
          <div
            class="ui mini vertical buttons"
          >
            <button
              class="ui basic icon button"
            >
              <i
                aria-hidden="true"
                class="download icon"
              />
            </button>
            <button
              class="ui basic icon button"
              data-testid="delete-button"
            >
              <i
                aria-hidden="true"
                class="trash alternate icon"
              />
            </button>
          </div>
        </td>
      </tr>
      <tr
        class="cursor-pointer"
        data-testid="file-item"
      >
        <td
          class="collapsing single line center aligned"
        >
          <div
            class="ui orange tiny basic label"
          >
            Pending review
          </div>
        </td>
        <td
          class=""
        >
          <span
            class="ui medium header"
          >
            those.wav
          </span>
          <p
            class="noMargin"
          >
            Feel industry quality direction resource truth. Affect green yard various play character simply rema...
          </p>
          <div
            class="ui bulleted horizontal list"
            role="list"
          >
            <div
              class="item"
              role="listitem"
            >
              <button
                class="ui mini basic icon left labeled button"
              >
                <i
                  aria-hidden="true"
                  class="copy icon"
                />
                SF_DLXEQZV1
              </button>
            </div>
            <div
              class="item"
              role="listitem"
            >
              <div
                class="description"
              >
                Modified
                 
                <time
                  datetime="2018-07-09T05:01:45.000Z"
                  title="9 Jul 2018"
                >
                  10 months ago
                </time>
              </div>
            </div>
            <div
              class="item"
              role="listitem"
            >
              <div
                class="description"
              >
                7.0 kB
              </div>
            </div>
            <div
              class="item"
              role="listitem"
            >
              <i
                aria-hidden="true"
                class="question icon"
              />
               unknown
            </div>
          </div>
        </td>
        <td
          class="center aligned"
        >
          <div
            class="ui mini vertical buttons"
          >
            <button
              class="ui basic icon button"
            >
              <i
                aria-hidden="true"
                class="download icon"
              />
            </button>
            <button
              class="ui basic icon button"
              data-testid="delete-button"
            >
              <i
                aria-hidden="true"
                class="trash alternate icon"
              />
            </button>
          </div>
        </td>
      </tr>
      <tr
        class="cursor-pointer"
        data-testid="file-item"
      >
        <td
          class="collapsing single line center aligned"
        >
          <div
            class="ui orange tiny basic label"
          >
            Pending review
          </div>
        </td>
        <td
          class=""
        >
          <span
            class="ui medium header"
          >
            force.webm
          </span>
          <p
            class="noMargin"
          >
            Safe always adult sometimes. Enter full agree still son expect write. According small hold someone.
          </p>
          <div
            class="ui bulleted horizontal list"
            role="list"
          >
            <div
              class="item"
              role="listitem"
            >
              <button
                class="ui mini basic icon left labeled button"
              >
                <i
                  aria-hidden="true"
                  class="copy icon"
                />
                SF_FPVBM0JF
              </button>
            </div>
            <div
              class="item"
              role="listitem"
            >
              <div
                class="description"
              >
                Modified
                 
                <time
                  datetime="2018-09-19T08:33:31.000Z"
                  title="19 Sept 2018"
                >
                  7 months ago
                </time>
              </div>
            </div>
            <div
              class="item"
              role="listitem"
            >
              <div
                class="description"
              >
                440 B
              </div>
            </div>
            <div
              class="item"
              role="listitem"
            >
              <i
                aria-hidden="true"
                class="hospital icon"
              />
               Clinical/Phenotype Data
            </div>
          </div>
        </td>
        <td
          class="center aligned"
        >
          <div
            class="ui mini vertical buttons"
          >
            <button
              class="ui basic icon button"
            >
              <i
                aria-hidden="true"
                class="download icon"
              />
            </button>
            <button
              class="ui basic icon button"
              data-testid="delete-button"
            >
              <i
                aria-hidden="true"
                class="trash alternate icon"
              />
            </button>
          </div>
        </td>
      </tr>
      <tr
        class="cursor-pointer"
        data-testid="file-item"
      >
        <td
          class="collapsing single line center aligned"
        >
          <div
            class="ui orange tiny basic label"
          >
            Pending review
          </div>
        </td>
        <td
          class=""
        >
          <span
            class="ui medium header"
          >
            hand.css
          </span>
          <p
            class="noMargin"
          >
            This democratic analysis car here likely. Protect speech exactly three order different wife.
          </p>
          <div
            class="ui bulleted horizontal list"
            role="list"
          >
            <div
              class="item"
              role="listitem"
            >
              <button
                class="ui mini basic icon left labeled button"
              >
                <i
                  aria-hidden="true"
                  class="copy icon"
                />
                SF_6JBSGVWE
              </button>
            </div>
            <div
              class="item"
              role="listitem"
            >
              <div
                class="description"
              >
                Modified
                 
                <time
                  datetime="2018-10-31T05:37:11.000Z"
                  title="31 Oct 2018"
                >
                  6 months ago
                </time>
              </div>
            </div>
            <div
              class="item"
              role="listitem"
            >
              <div
                class="description"
              >
                9.6 kB
              </div>
            </div>
            <div
              class="item"
              role="listitem"
            >
              <i
                aria-hidden="true"
                class="question icon"
              />
               unknown
            </div>
          </div>
        </td>
        <td
          class="center aligned"
        >
          <div
            class="ui mini vertical buttons"
          >
            <button
              class="ui basic icon button"
            >
              <i
                aria-hidden="true"
                class="download icon"
              />
            </button>
            <button
              class="ui basic icon button"
              data-testid="delete-button"
            >
              <i
                aria-hidden="true"
                class="trash alternate icon"
              />
            </button>
          </div>
        </td>
      </tr>
      <tr
        class="cursor-pointer"
        data-testid="file-item"
      >
        <td
          class="collapsing single line center aligned"
        >
          <div
            class="ui orange tiny basic label"
          >
            Pending review
          </div>
        </td>
        <td
          class=""
        >
          <span
            class="ui medium header"
          >
            3.jpg
          </span>
          <p
            class="noMargin"
          />
          <div
            class="ui bulleted horizontal list"
            role="list"
          >
            <div
              class="item"
              role="listitem"
            >
              <button
                class="ui mini basic icon left labeled button"
              >
                <i
                  aria-hidden="true"
                  class="copy icon"
                />
                SF_SFA9WW62
              </button>
            </div>
            <div
              class="item"
              role="listitem"
            >
              <div
                class="description"
              >
                Modified
                 
                <time
                  datetime="2019-05-20T14:34:21.331Z"
                  title="20 May 2019"
                >
                  4 weeks from now
                </time>
              </div>
            </div>
            <div
              class="item"
              role="listitem"
            >
              <div
                class="description"
              >
                75.5 kB
              </div>
            </div>
            <div
              class="item"
              role="listitem"
            >
              <i
                aria-hidden="true"
                class="question icon"
              />
               Other
            </div>
          </div>
        </td>
        <td
          class="center aligned"
        >
          <div
            class="ui mini vertical buttons"
          >
            <button
              class="ui basic icon button"
            >
              <i
                aria-hidden="true"
                class="download icon"
              />
            </button>
            <button
              class="ui basic icon button"
              data-testid="delete-button"
            >
              <i
                aria-hidden="true"
                class="trash alternate icon"
              />
            </button>
          </div>
        </td>
      </tr>
      <tr
        class="cursor-pointer"
        data-testid="file-item"
      >
        <td
          class="collapsing single line center aligned"
        >
          <div
            class="ui orange tiny basic label"
          >
            Pending review
          </div>
        </td>
        <td
          class=""
        >
          <span
            class="ui medium header"
          >
            3.jpg
          </span>
          <p
            class="noMargin"
          />
          <div
            class="ui bulleted horizontal list"
            role="list"
          >
            <div
              class="item"
              role="listitem"
            >
              <button
                class="ui mini basic icon left labeled button"
              >
                <i
                  aria-hidden="true"
                  class="copy icon"
                />
                SF_SFA9WW01
              </button>
            </div>
            <div
              class="item"
              role="listitem"
            >
              <div
                class="description"
              >
                Modified
                 
                <time
                  datetime="2019-05-20T14:34:21.331Z"
                  title="20 May 2019"
                >
                  4 weeks from now
                </time>
              </div>
            </div>
            <div
              class="item"
              role="listitem"
            >
              <div
                class="description"
              >
                75.5 kB
              </div>
            </div>
            <div
              class="item"
              role="listitem"
            >
              <i
                aria-hidden="true"
                class="question icon"
              />
               Other
            </div>
          </div>
        </td>
        <td
          class="center aligned"
        >
          <div
            class="ui mini vertical buttons"
          >
            <button
              class="ui basic icon button"
            >
              <i
                aria-hidden="true"
                class="download icon"
              />
            </button>
            <button
              class="ui basic icon button"
              data-testid="delete-button"
            >
              <i
                aria-hidden="true"
                class="trash alternate icon"
              />
            </button>
          </div>
        </td>
      </tr>
      <tr
        class="cursor-pointer"
        data-testid="file-item"
      >
        <td
          class="collapsing single line center aligned"
        >
          <div
            class="ui orange tiny basic label"
          >
            Pending review
          </div>
        </td>
        <td
          class=""
        >
          <span
            class="ui medium header"
          >
            3.jpg
          </span>
          <p
            class="noMargin"
          />
          <div
            class="ui bulleted horizontal list"
            role="list"
          >
            <div
              class="item"
              role="listitem"
            >
              <button
                class="ui mini basic icon left labeled button"
              >
                <i
                  aria-hidden="true"
                  class="copy icon"
                />
                SF_SFA9WW02
              </button>
            </div>
            <div
              class="item"
              role="listitem"
            >
              <div
                class="description"
              >
                Modified
                 
                <time
                  datetime="2019-05-20T14:34:21.331Z"
                  title="20 May 2019"
                >
                  4 weeks from now
                </time>
              </div>
            </div>
            <div
              class="item"
              role="listitem"
            >
              <div
                class="description"
              >
                75.5 kB
              </div>
            </div>
            <div
              class="item"
              role="listitem"
            >
              <i
                aria-hidden="true"
                class="question icon"
              />
               Other
            </div>
          </div>
        </td>
        <td
          class="center aligned"
        >
          <div
            class="ui mini vertical buttons"
          >
            <button
              class="ui basic icon button"
            >
              <i
                aria-hidden="true"
                class="download icon"
              />
            </button>
            <button
              class="ui basic icon button"
              data-testid="delete-button"
            >
              <i
                aria-hidden="true"
                class="trash alternate icon"
              />
            </button>
          </div>
        </td>
      </tr>
      <tr
        class="cursor-pointer"
        data-testid="file-item"
      >
        <td
          class="collapsing single line center aligned"
        >
          <div
            class="ui orange tiny basic label"
          >
            Pending review
          </div>
        </td>
        <td
          class=""
        >
          <span
            class="ui medium header"
          >
            3.jpg
          </span>
          <p
            class="noMargin"
          />
          <div
            class="ui bulleted horizontal list"
            role="list"
          >
            <div
              class="item"
              role="listitem"
            >
              <button
                class="ui mini basic icon left labeled button"
              >
                <i
                  aria-hidden="true"
                  class="copy icon"
                />
                SF_SFA9WW03
              </button>
            </div>
            <div
              class="item"
              role="listitem"
            >
              <div
                class="description"
              >
                Modified
                 
                <time
                  datetime="2019-05-20T14:34:21.331Z"
                  title="20 May 2019"
                >
                  4 weeks from now
                </time>
              </div>
            </div>
            <div
              class="item"
              role="listitem"
            >
              <div
                class="description"
              >
                75.5 kB
              </div>
            </div>
            <div
              class="item"
              role="listitem"
            >
              <i
                aria-hidden="true"
                class="question icon"
              />
               Other
            </div>
          </div>
        </td>
        <td
          class="center aligned"
        >
          <div
            class="ui mini vertical buttons"
          >
            <button
              class="ui basic icon button"
            >
              <i
                aria-hidden="true"
                class="download icon"
              />
            </button>
            <button
              class="ui basic icon button"
              data-testid="delete-button"
            >
              <i
                aria-hidden="true"
                class="trash alternate icon"
              />
            </button>
          </div>
        </td>
      </tr>
      <tr
        class="cursor-pointer"
        data-testid="file-item"
      >
        <td
          class="collapsing single line center aligned"
        >
          <div
            class="ui orange tiny basic label"
          >
            Pending review
          </div>
        </td>
        <td
          class=""
        >
          <span
            class="ui medium header"
          >
            3.jpg
          </span>
          <p
            class="noMargin"
          />
          <div
            class="ui bulleted horizontal list"
            role="list"
          >
            <div
              class="item"
              role="listitem"
            >
              <button
                class="ui mini basic icon left labeled button"
              >
                <i
                  aria-hidden="true"
                  class="copy icon"
                />
                SF_SFA9WW04
              </button>
            </div>
            <div
              class="item"
              role="listitem"
            >
              <div
                class="description"
              >
                Modified
                 
                <time
                  datetime="2019-05-20T14:34:21.331Z"
                  title="20 May 2019"
                >
                  4 weeks from now
                </time>
              </div>
            </div>
            <div
              class="item"
              role="listitem"
            >
              <div
                class="description"
              >
                75.5 kB
              </div>
            </div>
            <div
              class="item"
              role="listitem"
            >
              <i
                aria-hidden="true"
                class="question icon"
              />
               Other
            </div>
          </div>
        </td>
        <td
          class="center aligned"
        >
          <div
            class="ui mini vertical buttons"
          >
            <button
              class="ui basic icon button"
            >
              <i
                aria-hidden="true"
                class="download icon"
              />
            </button>
            <button
              class="ui basic icon button"
              data-testid="delete-button"
            >
              <i
                aria-hidden="true"
                class="trash alternate icon"
              />
            </button>
          </div>
        </td>
      </tr>
      <tr
        class="cursor-pointer"
        data-testid="file-item"
      >
        <td
          class="collapsing single line center aligned"
        >
          <div
            class="ui orange tiny basic label"
          >
            Pending review
          </div>
        </td>
        <td
          class=""
        >
          <span
            class="ui medium header"
          >
            4.jpg
          </span>
          <p
            class="noMargin"
          />
          <div
            class="ui bulleted horizontal list"
            role="list"
          >
            <div
              class="item"
              role="listitem"
            >
              <button
                class="ui mini basic icon left labeled button"
              >
                <i
                  aria-hidden="true"
                  class="copy icon"
                />
                SF_AZMTRAND
              </button>
            </div>
            <div
              class="item"
              role="listitem"
            >
              <div
                class="description"
              >
                Modified
                 
                <time
                  datetime="2019-05-20T14:38:20.880Z"
                  title="20 May 2019"
                >
                  4 weeks from now
                </time>
              </div>
            </div>
            <div
              class="item"
              role="listitem"
            >
              <div
                class="description"
              >
                61.0 kB
              </div>
            </div>
            <div
              class="item"
              role="listitem"
            >
              <i
                aria-hidden="true"
                class="question icon"
              />
               Other
            </div>
          </div>
        </td>
        <td
          class="center aligned"
        >
          <div
            class="ui mini vertical buttons"
          >
            <button
              class="ui basic icon button"
            >
              <i
                aria-hidden="true"
                class="download icon"
              />
            </button>
            <button
              class="ui basic icon button"
              data-testid="delete-button"
            >
              <i
                aria-hidden="true"
                class="trash alternate icon"
              />
            </button>
          </div>
        </td>
      </tr>
    </tbody>
  </table>
  <div
    class="ui basic right aligned segment"
  >
    Showing 
    10
     of 
    12
     files
     
    <div
      aria-label="Pagination Navigation"
      class="ui pagination menu"
      role="navigation"
    >
      <a
        aria-current="false"
        aria-disabled="false"
        aria-label="Previous page"
        class="item"
        tabindex="0"
        type="prevItem"
        value="1"
      >
        <i
          aria-hidden="true"
          class="chevron left icon"
        />
      </a>
      <a
        aria-current="true"
        aria-disabled="false"
        class="active item"
        tabindex="0"
        type="pageItem"
        value="1"
      >
        1
      </a>
      <a
        aria-current="false"
        aria-disabled="false"
        class="item"
        tabindex="0"
        type="pageItem"
        value="2"
      >
        2
      </a>
      <a
        aria-current="false"
        aria-disabled="false"
        aria-label="Next page"
        class="item"
        tabindex="0"
        type="nextItem"
        value="2"
      >
        <i
          aria-hidden="true"
          class="chevron right icon"
        />
      </a>
    </div>
  </div>
</div>
`;

exports[`renders without files 1`] = `
<div>
  <div
    class="ui basic segment"
  >
    <div
      class="ui icon center aligned header"
    >
      <i
        aria-hidden="true"
        class="file alternate outline icon"
      />
      You don't have any documents yet.
    </div>
  </div>
</div>
`;
