// Jest Snapshot v1, https://goo.gl/fbAQLP

exports[`release version correctly 1`] = `
<div>
  <td
    class="single line one wide"
  >
    <button
      class="ui basic loading disabled button"
      disabled=""
      tabindex="-1"
    >
      Loading
    </button>
  </td>
</div>
`;

exports[`release version correctly 2`] = `
<div>
  <td
    class="single line one wide"
  >
    <button
      class="ui basic loading disabled button"
      disabled=""
      tabindex="-1"
    >
      Loading
    </button>
  </td>
</div>
`;
