// Jest Snapshot v1, https://goo.gl/fbAQLP

exports[`renders study table correctly 1`] = `
<div>
  <table
    class="ui celled sortable striped table"
  >
    <thead
      class=""
    >
      <tr
        class=""
      >
        <th
          class="left aligned descending sorted"
          colspan="2"
        >
          Name
        </th>
        <th
          class="center aligned"
          colspan="1"
        >
          Kids First ID
        </th>
        <th
          class="center aligned"
          colspan="1"
        >
          Actions
        </th>
      </tr>
    </thead>
    <tbody
      class=""
    >
      <tr
        class="center aligned"
      >
        <td
          class="collapsing"
        >
          <div
            class="ui star large rating"
            data-cy="favorite study"
            role="radiogroup"
            tabindex="-1"
          >
            <i
              aria-checked="false"
              aria-posinset="1"
              aria-setsize="1"
              class="icon"
              role="radio"
              tabindex="0"
            />
          </div>
        </td>
        <td
          class="selectable left aligned"
          data-cy="study name"
        >
          <a
            href="/study/SD_I1L92W57/basic-info/info"
          >
            <div
              alt="visualize dynamic users"
              class="ui medium header"
              floating="left"
            >
              visualize dynamic users
              <div
                class="sub header"
              >
                <span>
                  No investigators
                </span>
              </div>
            </div>
          </a>
        </td>
        <td
          class="single line one wide"
        >
          <code>
            SD_I1L92W57
          </code>
        </td>
        <td
          class="single line one wide"
        >
          <button
            class="ui basic loading disabled button"
            disabled=""
            tabindex="-1"
          >
            Loading
          </button>
        </td>
      </tr>
      <tr
        class="center aligned"
      >
        <td
          class="collapsing"
        >
          <div
            class="ui star large rating"
            data-cy="favorite study"
            role="radiogroup"
            tabindex="-1"
          >
            <i
              aria-checked="false"
              aria-posinset="1"
              aria-setsize="1"
              class="icon"
              role="radio"
              tabindex="0"
            />
          </div>
        </td>
        <td
          class="selectable left aligned"
          data-cy="study name"
        >
          <a
            href="/study/SD_SG5N41K8/basic-info/info"
          >
            <div
              alt="strategize cross-media markets"
              class="ui medium header"
              floating="left"
            >
              strategize cross-media markets
              <div
                class="sub header"
              >
                <span>
                  No investigators
                </span>
              </div>
            </div>
          </a>
        </td>
        <td
          class="single line one wide"
        >
          <code>
            SD_SG5N41K8
          </code>
        </td>
        <td
          class="single line one wide"
        >
          <button
            class="ui basic loading disabled button"
            disabled=""
            tabindex="-1"
          >
            Loading
          </button>
        </td>
      </tr>
      <tr
        class="center aligned"
      >
        <td
          class="collapsing"
        >
          <div
            class="ui star large rating"
            data-cy="favorite study"
            role="radiogroup"
            tabindex="-1"
          >
            <i
              aria-checked="false"
              aria-posinset="1"
              aria-setsize="1"
              class="icon"
              role="radio"
              tabindex="0"
            />
          </div>
        </td>
        <td
          class="selectable left aligned"
          data-cy="study name"
        >
          <a
            href="/study/SD_0YYP5ZEN/basic-info/info"
          >
            <div
              alt="drive distributed architectures"
              class="ui medium header"
              floating="left"
            >
              drive distributed architectures
              <div
                class="sub header"
              >
                <span>
                  No investigators
                </span>
              </div>
            </div>
          </a>
        </td>
        <td
          class="single line one wide"
        >
          <code>
            SD_0YYP5ZEN
          </code>
        </td>
        <td
          class="single line one wide"
        >
          <button
            class="ui basic loading disabled button"
            disabled=""
            tabindex="-1"
          >
            Loading
          </button>
        </td>
      </tr>
      <tr
        class="center aligned"
      >
        <td
          class="collapsing"
        >
          <div
            class="ui star large rating"
            data-cy="favorite study"
            role="radiogroup"
            tabindex="-1"
          >
            <i
              aria-checked="false"
              aria-posinset="1"
              aria-setsize="1"
              class="icon"
              role="radio"
              tabindex="0"
            />
          </div>
        </td>
        <td
          class="selectable left aligned"
          data-cy="study name"
        >
          <a
            href="/study/SD_8WX8QQ06/basic-info/info"
          >
            <div
              alt="benchmark extensible e-business"
              class="ui medium header"
              floating="left"
            >
              benchmark extensible e-business
              <div
                class="sub header"
              >
                <span>
                  No investigators
                </span>
              </div>
            </div>
          </a>
        </td>
        <td
          class="single line one wide"
        >
          <code>
            SD_8WX8QQ06
          </code>
        </td>
        <td
          class="single line one wide"
        >
          <button
            class="ui basic loading disabled button"
            disabled=""
            tabindex="-1"
          >
            Loading
          </button>
        </td>
      </tr>
    </tbody>
  </table>
</div>
`;

exports[`renders study table loading state 1`] = `
<div>
  <h4
    class="ui disabled center aligned header mt-15 mb-15"
  >
    Loading Studies ...
  </h4>
</div>
`;
