// Jest Snapshot v1, https://goo.gl/fbAQLP

exports[`renders correctly 1`] = `
<div>
  <div
    class="ui container"
    style="margin-top: 30px;"
  >
    <h1
      class="ui header"
    >
      Your Studies
      <div
        class="ui right floated buttons"
      >
        <button
          class="ui icon primary left labeled button"
          tabindex="0"
        >
          <i
            aria-hidden="true"
            class="grid layout icon"
          />
          grid
        </button>
        <button
          class="ui icon left labeled button"
          tabindex="0"
        >
          <i
            aria-hidden="true"
            class="list icon"
          />
          list
        </button>
      </div>
    </h1>
    <main>
      <div
        class="ui stackable four cards"
      >
        <a
          class="ui card"
          href="/study/SD_X6E5KWM4/documents"
        >
          <div
            class="content"
          >
            <div
              class="header"
            >
              SD_X6E5KWM4
            </div>
            <div
              class="description"
            >
              deploy bleeding-edge action-items
            </div>
          </div>
          <div
            class="extra content"
          >
            Updated: 
            <time
              datetime="2019-03-29T18:45:01.230Z"
              title="2019-03-29 18:45"
            >
              4 weeks ago
            </time>
          </div>
        </a>
        <a
          class="ui card"
          href="/study/SD_203C26IZ/documents"
        >
          <div
            class="content"
          >
            <div
              class="header"
            >
              SD_203C26IZ
            </div>
            <div
              class="description"
            >
              syndicate extensible metrics
            </div>
          </div>
          <div
            class="extra content"
          >
            Updated: 
            <time
              datetime="2019-03-29T18:45:01.236Z"
              title="2019-03-29 18:45"
            >
              4 weeks ago
            </time>
          </div>
        </a>
        <a
          class="ui card"
          href="/study/SD_KOECR7Q1/documents"
        >
          <div
            class="content"
          >
            <div
              class="header"
            >
              SD_KOECR7Q1
            </div>
            <div
              class="description"
            >
              aggregate real-time convergence
            </div>
          </div>
          <div
            class="extra content"
          >
            Updated: 
            <time
              datetime="2019-03-29T18:45:01.239Z"
              title="2019-03-29 18:45"
            >
              4 weeks ago
            </time>
          </div>
        </a>
      </div>
    </main>
  </div>
</div>
`;

exports[`renders loading state 1`] = `
<div>
  <div
    class="ui container"
    style="margin-top: 30px;"
  >
    <div
      class="ui container"
      style="margin-top: 30px;"
    >
      <div
        class="ui placeholder"
        style="margin-bottom: 50px;"
      >
        <div
          class="header"
        >
          <div
            class="line"
          />
        </div>
      </div>
    </div>
    <div
      class="ui stackable four cards"
    >
      <div
        class="ui card"
      >
        <div
          class="content"
        >
          <div
            class="ui placeholder"
          >
            <div
              class="header"
            >
              <div
                class="line"
              />
            </div>
            <div
              class="paragraph"
            >
              <div
                class="line long"
              />
            </div>
          </div>
        </div>
        <div
          class="extra content"
        >
          <div
            class="ui placeholder"
          >
            <div
              class="paragraph"
            >
              <div
                class="line short"
              />
            </div>
          </div>
        </div>
      </div>
      <div
        class="ui card"
      >
        <div
          class="content"
        >
          <div
            class="ui placeholder"
          >
            <div
              class="header"
            >
              <div
                class="line"
              />
            </div>
            <div
              class="paragraph"
            >
              <div
                class="line long"
              />
            </div>
          </div>
        </div>
        <div
          class="extra content"
        >
          <div
            class="ui placeholder"
          >
            <div
              class="paragraph"
            >
              <div
                class="line short"
              />
            </div>
          </div>
        </div>
      </div>
      <div
        class="ui card"
      >
        <div
          class="content"
        >
          <div
            class="ui placeholder"
          >
            <div
              class="header"
            >
              <div
                class="line"
              />
            </div>
            <div
              class="paragraph"
            >
              <div
                class="line long"
              />
            </div>
          </div>
        </div>
        <div
          class="extra content"
        >
          <div
            class="ui placeholder"
          >
            <div
              class="paragraph"
            >
              <div
                class="line short"
              />
            </div>
          </div>
        </div>
      </div>
      <div
        class="ui card"
      >
        <div
          class="content"
        >
          <div
            class="ui placeholder"
          >
            <div
              class="header"
            >
              <div
                class="line"
              />
            </div>
            <div
              class="paragraph"
            >
              <div
                class="line long"
              />
            </div>
          </div>
        </div>
        <div
          class="extra content"
        >
          <div
            class="ui placeholder"
          >
            <div
              class="paragraph"
            >
              <div
                class="line short"
              />
            </div>
          </div>
        </div>
      </div>
    </div>
  </div>
</div>
`;
